[templates.hibootstrap.com/ezio/default/index-2.html]
[templates.hibootstrap.com/ezio/default/assets/css/bootstrap.min.css]
[templates.hibootstrap.com/ezio/default/assets/css/owl.theme.default.min.css]
[templates.hibootstrap.com/ezio/default/assets/css/owl.carousel.min.css]
[templates.hibootstrap.com/ezio/default/assets/css/animate.min.css]
[templates.hibootstrap.com/ezio/default/assets/css/boxicons.min.css]
[templates.hibootstrap.com/ezio/default/assets/css/magnific-popup.min.css]
[templates.hibootstrap.com/ezio/default/assets/css/flaticon.css]
[templates.hibootstrap.com/ezio/default/assets/css/meanmenu.min.css]
[templates.hibootstrap.com/ezio/default/assets/css/nice-select.min.css]
[templates.hibootstrap.com/ezio/default/assets/css/odometer.min.css]
[templates.hibootstrap.com/ezio/default/assets/css/style.css]
[templates.hibootstrap.com/ezio/default/assets/css/dark.css]
[templates.hibootstrap.com/ezio/default/assets/css/responsive.css]
[templates.hibootstrap.com/ezio/default/assets/img/favicon.png]
[backblue.gif]
[fade.gif]
[index.html]
[ajax.cloudflare.com/cdn-cgi/scripts/04b3eb47/cloudflare-static/mirage2.min.js]
[templates.hibootstrap.com/ezio/default/assets/img/flag/usa.png]
[templates.hibootstrap.com/ezio/default/assets/img/flag/canada.png]
[templates.hibootstrap.com/ezio/default/assets/img/flag/australia.png]
[templates.hibootstrap.com/ezio/default/assets/img/flag/germany.png]
[templates.hibootstrap.com/ezio/default/assets/img/flag/argentina.png]
[templates.hibootstrap.com/ezio/default/index.html]
[templates.hibootstrap.com/ezio/default/assets/img/logo.png]
[templates.hibootstrap.com/ezio/default/index-3.html]
[templates.hibootstrap.com/ezio/default/about-us.html]
[templates.hibootstrap.com/ezio/default/pricing-style-one.html]
[templates.hibootstrap.com/ezio/default/pricing-style-two.html]
[templates.hibootstrap.com/ezio/default/testimonials.html]
[templates.hibootstrap.com/ezio/default/products.html]
[templates.hibootstrap.com/ezio/default/cart.html]
[templates.hibootstrap.com/ezio/default/checkout.html]
[templates.hibootstrap.com/ezio/default/product-details.html]
[templates.hibootstrap.com/ezio/default/team.html]
[templates.hibootstrap.com/ezio/default/my-account.html]
[templates.hibootstrap.com/ezio/default/log-in.html]
[templates.hibootstrap.com/ezio/default/register.html]
[templates.hibootstrap.com/ezio/default/recover-password.html]
[templates.hibootstrap.com/ezio/default/global-location.html]
[templates.hibootstrap.com/ezio/default/faq.html]
[templates.hibootstrap.com/ezio/default/privacy-policy.html]
[templates.hibootstrap.com/ezio/default/terms-conditions.html]
[templates.hibootstrap.com/ezio/default/coming-soon.html]
[templates.hibootstrap.com/ezio/default/404.html]
[templates.hibootstrap.com/ezio/default/services-style-one.html]
[templates.hibootstrap.com/ezio/default/services-style-two.html]
[templates.hibootstrap.com/ezio/default/services-style-three.html]
[templates.hibootstrap.com/ezio/default/services-details.html]
[templates.hibootstrap.com/ezio/default/blog-column-one.html]
[templates.hibootstrap.com/ezio/default/blog-column-two.html]
[templates.hibootstrap.com/ezio/default/blog-column-three.html]
[templates.hibootstrap.com/ezio/default/blog-left-sidebar.html]
[templates.hibootstrap.com/ezio/default/blog-details.html]
[templates.hibootstrap.com/ezio/default/company.html]
[templates.hibootstrap.com/ezio/default/contact-us.html]
[templates.hibootstrap.com/ezio/default/assets/img/banner/banner-video.mp4]
[templates.hibootstrap.com/ezio/default/assets/img/partner/partner-1.png]
[templates.hibootstrap.com/ezio/default/assets/img/partner/partner-2.png]
[templates.hibootstrap.com/ezio/default/assets/img/partner/partner-3.png]
[templates.hibootstrap.com/ezio/default/assets/img/partner/partner-4.png]
[templates.hibootstrap.com/ezio/default/assets/img/partner/partner-5.png]
[templates.hibootstrap.com/ezio/default/assets/img/about-img-2.png]
[templates.hibootstrap.com/ezio/default/assets/img/services/services-1.jpg]
[templates.hibootstrap.com/ezio/default/assets/img/services/services-2.jpg]
[templates.hibootstrap.com/ezio/default/assets/img/services/services-3.jpg]
[templates.hibootstrap.com/ezio/default/assets/img/choose-us-img.jpg]
[templates.hibootstrap.com/ezio/default/assets/img/testimonials/testimonials-1.jpg]
[templates.hibootstrap.com/ezio/default/assets/img/testimonials/testimonials-2.jpg]
[templates.hibootstrap.com/ezio/default/assets/img/testimonials/testimonials-3.jpg]
[templates.hibootstrap.com/ezio/default/assets/img/team/team-1.jpg]
[templates.hibootstrap.com/ezio/default/assets/img/team/team-2.jpg]
[templates.hibootstrap.com/ezio/default/assets/img/team/team-3.jpg]
[templates.hibootstrap.com/ezio/default/assets/img/blog/blog-1.jpg]
[templates.hibootstrap.com/ezio/default/assets/img/blog/blog-2.jpg]
[templates.hibootstrap.com/ezio/default/assets/img/blog/blog-3.jpg]
[templates.hibootstrap.com/cdn-cgi/scripts/5c5dd728/cloudflare-static/email-decode.min.js]
[templates.hibootstrap.com/ezio/default/assets/js/jquery.min.js]
[templates.hibootstrap.com/ezio/default/assets/js/bootstrap.bundle.min.js]
[templates.hibootstrap.com/ezio/default/assets/js/meanmenu.min.js]
[templates.hibootstrap.com/ezio/default/assets/js/wow.min.js]
[templates.hibootstrap.com/ezio/default/assets/js/owl.carousel.min.js]
[templates.hibootstrap.com/ezio/default/assets/js/nice-select.min.js]
[templates.hibootstrap.com/ezio/default/assets/js/magnific-popup.min.js]
[templates.hibootstrap.com/ezio/default/assets/js/jarallax.min.js]
[templates.hibootstrap.com/ezio/default/assets/js/appear.min.js]
[templates.hibootstrap.com/ezio/default/assets/js/odometer.min.js]
[templates.hibootstrap.com/ezio/default/assets/js/smoothscroll.min.js]
[templates.hibootstrap.com/ezio/default/assets/js/form-validator.min.js]
[templates.hibootstrap.com/ezio/default/assets/js/contact-form-script.js]
[templates.hibootstrap.com/ezio/default/assets/js/ajaxchimp.min.js]
[templates.hibootstrap.com/ezio/default/index-2.html]
[templates.hibootstrap.com/ezio/default/assets/css/bootstrap.min.css]
[templates.hibootstrap.com/ezio/default/assets/css/owl.theme.default.min.css]
[templates.hibootstrap.com/ezio/default/assets/js/custom.js]
[templates.hibootstrap.com/ezio/default/assets/css/owl.video.play.png]
[templates.hibootstrap.com/ezio/default/assets/css/owl.carousel.min.css]
[templates.hibootstrap.com/ezio/default/assets/css/animate.min.css]
[templates.hibootstrap.com/ezio/default/assets/fonts/boxicons.eot]
[templates.hibootstrap.com/ezio/default/assets/fonts/boxicons.woff2]
[templates.hibootstrap.com/ezio/default/assets/fonts/boxicons.woff]
[templates.hibootstrap.com/ezio/default/assets/fonts/boxicons.ttf]
[templates.hibootstrap.com/ezio/default/assets/css/boxicons.min.css]
[templates.hibootstrap.com/ezio/default/assets/css/magnific-popup.min.css]
[templates.hibootstrap.com/ezio/default/assets/fonts/boxiconsd41d.svg]
[templates.hibootstrap.com/ezio/default/assets/fonts/Flaticon.eot]
[templates.hibootstrap.com/ezio/default/assets/fonts/Flaticond41d.eot]
[templates.hibootstrap.com/ezio/default/assets/fonts/Flaticon.woff2]
[templates.hibootstrap.com/ezio/default/assets/fonts/Flaticon.woff]
[templates.hibootstrap.com/ezio/default/assets/fonts/Flaticon.ttf]
[templates.hibootstrap.com/ezio/default/assets/fonts/Flaticon.svg]
[templates.hibootstrap.com/ezio/default/assets/css/flaticon.css]
[templates.hibootstrap.com/ezio/default/assets/css/meanmenu.min.css]
[templates.hibootstrap.com/ezio/default/assets/css/nice-select.min.css]
[templates.hibootstrap.com/ezio/default/assets/css/odometer.min.css]
[templates.hibootstrap.com/ezio/default/assets/img/banner/banner-bg-1.jpg]
[templates.hibootstrap.com/ezio/default/assets/img/banner/banner-bg-3.jpg]
[templates.hibootstrap.com/ezio/default/assets/img/shipment-bg.jpg]
[templates.hibootstrap.com/ezio/default/assets/img/track-bg.jpg]
[templates.hibootstrap.com/ezio/default/assets/img/page-bg/page-bg-1.jpg]
[templates.hibootstrap.com/ezio/default/assets/img/page-bg/page-bg-2.jpg]
[templates.hibootstrap.com/ezio/default/assets/img/page-bg/page-bg-3.jpg]
[templates.hibootstrap.com/ezio/default/assets/img/page-bg/page-bg-4.jpg]
[templates.hibootstrap.com/ezio/default/assets/img/page-bg/page-bg-5.jpg]
[templates.hibootstrap.com/ezio/default/assets/img/page-bg/page-bg-6.jpg]
[templates.hibootstrap.com/ezio/default/assets/img/page-bg/page-bg-7.jpg]
[templates.hibootstrap.com/ezio/default/assets/img/page-bg/page-bg-8.jpg]
[templates.hibootstrap.com/ezio/default/assets/img/page-bg/page-bg-9.jpg]
[templates.hibootstrap.com/ezio/default/assets/img/page-bg/page-bg-10.jpg]
[templates.hibootstrap.com/ezio/default/assets/img/faq-img.jpg]
[templates.hibootstrap.com/ezio/default/assets/css/style.css]
[templates.hibootstrap.com/ezio/default/assets/img/night.png]
[templates.hibootstrap.com/ezio/default/assets/img/sunny.png]
[templates.hibootstrap.com/ezio/default/assets/css/dark.css]
[templates.hibootstrap.com/ezio/default/assets/img/about-img.jpg]
[templates.hibootstrap.com/ezio/default/assets/img/about-img-3.png]
[templates.hibootstrap.com/ezio/default/assets/img/choose-us-img-3.jpg]
[templates.hibootstrap.com/ezio/default/assets/css/responsive.css]
[templates.hibootstrap.com/ezio/default/assets/img/testimonials/testimonials-4.jpg]
[templates.hibootstrap.com/ezio/default/assets/img/blog/blog-4.jpg]
[templates.hibootstrap.com/ezio/default/index.html]
[templates.hibootstrap.com/ezio/default/index-3.html]
[templates.hibootstrap.com/ezio/default/about-us.html]
[templates.hibootstrap.com/ezio/default/pricing-style-one.html]
[templates.hibootstrap.com/ezio/default/pricing-style-two.html]
[templates.hibootstrap.com/ezio/default/assets/img/testimonials/testimonials-5.jpg]
[templates.hibootstrap.com/ezio/default/assets/img/testimonials/testimonials-6.jpg]
[templates.hibootstrap.com/ezio/default/testimonials.html]
[templates.hibootstrap.com/ezio/default/assets/img/product/product-1.jpg]
[templates.hibootstrap.com/ezio/default/assets/img/product/product-2.jpg]
[templates.hibootstrap.com/ezio/default/assets/img/product/product-3.jpg]
[templates.hibootstrap.com/ezio/default/assets/img/product/product-4.jpg]
[templates.hibootstrap.com/ezio/default/assets/img/product/product-5.jpg]
[templates.hibootstrap.com/ezio/default/assets/img/product/product-6.jpg]
[templates.hibootstrap.com/ezio/default/products.html]
[templates.hibootstrap.com/ezio/default/assets/img/cart/cart-1.jpg]
[templates.hibootstrap.com/ezio/default/assets/img/cart/cart-2.jpg]
[templates.hibootstrap.com/ezio/default/assets/img/cart/cart-3.jpg]
[templates.hibootstrap.com/ezio/default/assets/img/cart/cart-4.jpg]
[templates.hibootstrap.com/ezio/default/cart.html]
[templates.hibootstrap.com/ezio/default/checkout.html]
[templates.hibootstrap.com/ezio/default/assets/img/product-details/product-details-1.jpg]
[templates.hibootstrap.com/ezio/default/product-details.html]
[templates.hibootstrap.com/ezio/default/assets/img/team/team-4.jpg]
[templates.hibootstrap.com/ezio/default/assets/img/team/team-5.jpg]
[templates.hibootstrap.com/ezio/default/assets/img/team/team-6.jpg]
[templates.hibootstrap.com/ezio/default/team.html]
[templates.hibootstrap.com/ezio/default/my-account.html]
[templates.hibootstrap.com/ezio/default/registration.html]
[templates.hibootstrap.com/ezio/default/log-in.html]
[templates.hibootstrap.com/ezio/default/register.html]
[templates.hibootstrap.com/ezio/default/contact.html]
[templates.hibootstrap.com/ezio/default/recover-password.html]
[templates.hibootstrap.com/ezio/default/global-location.html]
[templates.hibootstrap.com/ezio/default/faq.html]
[templates.hibootstrap.com/ezio/default/privacy-policy.html]
[templates.hibootstrap.com/ezio/default/terms-conditions.html]
[templates.hibootstrap.com/ezio/default/coming-soon.html]
[templates.hibootstrap.com/ezio/default/404.html]
[templates.hibootstrap.com/ezio/default/services-style-one.html]
[templates.hibootstrap.com/ezio/default/assets/img/services/services-4.jpg]
[templates.hibootstrap.com/ezio/default/assets/img/services/services-5.jpg]
[templates.hibootstrap.com/ezio/default/assets/img/services/services-6.jpg]
[templates.hibootstrap.com/ezio/default/services-style-two.html]
[templates.hibootstrap.com/ezio/default/services-style-three.html]
[templates.hibootstrap.com/ezio/default/assets/img/services-details/services-details-1.jpg]
[templates.hibootstrap.com/ezio/default/assets/img/services-details/services-1.jpg]
[templates.hibootstrap.com/ezio/default/assets/img/services-details/services-2.jpg]
[templates.hibootstrap.com/ezio/default/services-details.html]
[templates.hibootstrap.com/ezio/default/assets/img/blog/blog-7.jpg]
[templates.hibootstrap.com/ezio/default/assets/img/blog/blog-8.jpg]
[templates.hibootstrap.com/ezio/default/assets/img/blog/blog-9.jpg]
[templates.hibootstrap.com/ezio/default/assets/img/blog-details/recent-post-1.jpg]
[templates.hibootstrap.com/ezio/default/assets/img/blog-details/recent-post-2.jpg]
[templates.hibootstrap.com/ezio/default/assets/img/blog-details/recent-post-3.jpg]
[templates.hibootstrap.com/ezio/default/blog-column-one.html]
[templates.hibootstrap.com/ezio/default/assets/img/blog/blog-10.jpg]
[templates.hibootstrap.com/ezio/default/blog-column-two.html]
[templates.hibootstrap.com/ezio/default/assets/img/blog/blog-5.jpg]
[templates.hibootstrap.com/ezio/default/assets/img/blog/blog-6.jpg]
[templates.hibootstrap.com/ezio/default/blog-column-three.html]
[templates.hibootstrap.com/ezio/default/blog-left-sidebar.html]
[templates.hibootstrap.com/ezio/default/assets/img/blog-details/blog-details-1.jpg]
[templates.hibootstrap.com/ezio/default/assets/img/blog-details/blog-1.jpg]
[templates.hibootstrap.com/ezio/default/assets/img/blog-details/blog-2.jpg]
[templates.hibootstrap.com/ezio/default/assets/img/blog-details/comments-1.jpg]
[templates.hibootstrap.com/ezio/default/assets/img/blog-details/comments-2.jpg]
[templates.hibootstrap.com/ezio/default/blog-details.html]
[templates.hibootstrap.com/ezio/default/company.html]
[templates.hibootstrap.com/ezio/default/contact-us.html]
[templates.hibootstrap.com/ezio/default/assets/css/owl.video.play.html]
[templates.hibootstrap.com/ezio/default/assets/fonts/boxiconsd41d.svg]
[templates.hibootstrap.com/ezio/default/assets/fonts/Flaticon.html]
[templates.hibootstrap.com/ezio/default/registration.html]
[templates.hibootstrap.com/ezio/default/contact.html]
